// Jest Snapshot v1, https://goo.gl/fbAQLP

exports[`Float button Component Default Theme renders float button component light mode 1`] = `
<Card
  onPress={[Function]}
  style={
    Array [
      Object {
        "alignItems": "center",
        "backgroundColor": "#333333",
        "borderRadius": 30,
        "height": 60,
        "justifyContent": "center",
        "position": "absolute",
        "right": 10,
        "top": 650,
        "width": 60,
      },
      Object {},
    ]
  }
/>
`;

exports[`float button Component Dark Theme renders float button component dark mode 1`] = `
<Card
  onPress={[Function]}
  style={
    Array [
      Object {
        "alignItems": "center",
        "backgroundColor": "#333333",
        "borderRadius": 30,
        "height": 60,
        "justifyContent": "center",
        "position": "absolute",
        "right": 10,
        "top": 650,
        "width": 60,
      },
      Object {},
    ]
  }
/>
`;
